Garbage1.wav = Disk 0001.ape
Garbage2.wav = Disk 0002.ape
