FileTag1.wav = CueFile_1.ape
FileTag2.wav = CueFile_2.ape
