Bush - (1996) Razorblade Suitcase.flac = Bush - (1996) Razorblade Suitcase.flac
