The quick brown fox jumps over the lazy dog.
Широкая электрификация южных губерний даст мощный толчок подъёму сельского хозяйства.
1234567890
!@#$%^&*()_+-=",.;'
