FileTag1.wav = FileTag1.wav
FileTag2.wav = FileTag2.wav
