Garbage1.wav = Album [Disk 1].ape
Garbage2.wav = Album [Disk 2].ape
