01 = Album [Disk #1].ape
02 = Album [Disk #2].ape
