Garbage1.wav = Side 1.flac
Garbage2.wav = Side 2.flac
