Garbage1.wav = Album_Disk1.ape
Garbage2.wav = Album_Disk2.ape
