Garbage1.wav = Album Disk 001.ape
Garbage2.wav = Album Disk 002.ape
