FileTag(1).wav = FileTag(1).wav
FileTag(2).wav = FileTag(2).wav
