Garbage1.wav = Album_Side1.ape
Garbage2.wav = Album_Side2.ape
