Garbage1.wav = Album Side1.ape
Garbage2.wav = Album Side2.ape
